// Jest Snapshot v1, https://goo.gl/fbAQLP

exports[`PokemonPage Component debe de hacer match con el snapshot 1`] = `
<div class="container">
  <div><img src="https://fontmeme.com/permalink/211223/705fb7315efa6567446cf7f9c65b0ce1.png" alt="fuente-pokemon" border="0"></div>
</div>
`;

exports[`PokemonPage Component debe de hacer match con el snapshot cuando cargan los pokemons 1`] = `
<div class="container">
  <div><img src="https://fontmeme.com/permalink/211208/abb56b455692b0a09af69a5d8d3135d3.png" alt="fuente-pokemon" border="0">
    <pokemon-picture-stub pokemonid="1" showpokemon="false"></pokemon-picture-stub>
    <pokemon-options-stub pokemons="[object Object],[object Object],[object Object],[object Object]"></pokemon-options-stub>
    <!--v-if-->
  </div>
</div>
`;
